// Vitest Snapshot v1, https://vitest.dev/guide/snapshot.html

exports[`farm resistances should be static > has not changed 1`] = `
"<div class=\\"v-window-item v-window-item--active farms-tab\\" style=\\"\\">
  <div class=\\"mb-8\\">
    <div class=\\"d-flex\\">
      <h2 class=\\"ml-4 mr-10 align-self-baseline\\">The Countess <span class=\\"v-chip v-theme--dark text-white v-chip--density-default v-chip--size-default v-chip--variant-tonal\\" draggable=\\"false\\"><!----><span class=\\"v-chip__underlay\\"></span>
        <!---->
        <!---->
        <div class=\\"v-chip__content\\">79</div>
        <!---->
        <!----></span>
      </h2>
      <div class=\\"align-self-baseline\\"><span class=\\"mr-2\\">immunes</span><span class=\\"v-chip v-theme--dark text-cold v-chip--density-compact v-chip--size-default v-chip--variant-tonal mr-2\\" draggable=\\"false\\" title=\\"cold immunes\\"><!----><span class=\\"v-chip__underlay\\"></span>
        <!---->
        <!---->
        <div class=\\"v-chip__content\\"><strong>2</strong></div>
        <!---->
        <!----></span><span class=\\"v-chip v-theme--dark text-fire v-chip--density-compact v-chip--size-default v-chip--variant-tonal mr-2\\" draggable=\\"false\\" title=\\"fire immunes\\"><!----><span class=\\"v-chip__underlay\\"></span>
        <!---->
        <!---->
        <div class=\\"v-chip__content\\"><strong>3</strong></div>
        <!---->
        <!----></span><span class=\\"v-chip v-theme--dark text-lightning v-chip--density-compact v-chip--size-default v-chip--variant-tonal mr-2\\" draggable=\\"false\\" title=\\"lightning immunes\\"><!----><span class=\\"v-chip__underlay\\"></span>
        <!---->
        <!---->
        <div class=\\"v-chip__content\\"><strong>1</strong></div>
        <!---->
        <!----></span>
        <!--v-if--><span class=\\"v-chip v-theme--dark text-physical v-chip--density-compact v-chip--size-default v-chip--variant-tonal mr-2\\" draggable=\\"false\\" title=\\"physical immunes\\"><!----><span class=\\"v-chip__underlay\\"></span>
        <!---->
        <!---->
        <div class=\\"v-chip__content\\"><strong>1</strong></div>
        <!---->
        <!----></span>
        <!--v-if-->
      </div>
    </div>
    <div class=\\"v-table v-table--has-top v-table--has-bottom v-theme--dark v-table--density-default v-data-table\\" disable-pagination=\\"\\" hide-default-footer=\\"\\" dense=\\"\\" calculate-widths=\\"\\">
      <!---->
      <div class=\\"v-table__wrapper\\">
        <table>
          <!---->
          <thead>
            <tr>
              <th class=\\"v-data-table__td v-data-table-column--align-start v-data-table__th v-data-table__th--sortable v-data-table__th v-data-table__th--sortable\\" style=\\"width: 15%; min-width: 15%;\\">
                <div class=\\"v-data-table-header__content\\"><span>Name</span><i class=\\"mdi-arrow-up mdi v-icon notranslate v-theme--dark v-icon--size-default v-data-table-header__sort-icon\\" aria-hidden=\\"true\\"></i>
                  <!---->
                </div>
              </th>
              <th class=\\"v-data-table__td v-data-table-column--align-start v-data-table__th v-data-table__th--sortable v-data-table__th v-data-table__th--sortable\\" style=\\"width: 10%; min-width: 10%;\\">
                <div class=\\"v-data-table-header__content\\"><span>Cold</span><i class=\\"mdi-arrow-up mdi v-icon notranslate v-theme--dark v-icon--size-default v-data-table-header__sort-icon\\" aria-hidden=\\"true\\"></i>
                  <!---->
                </div>
              </th>
              <th class=\\"v-data-table__td v-data-table-column--align-start v-data-table__th v-data-table__th--sortable v-data-table__th v-data-table__th--sortable\\" style=\\"width: 10%; min-width: 10%;\\">
                <div class=\\"v-data-table-header__content\\"><span>Fire</span><i class=\\"mdi-arrow-up mdi v-icon notranslate v-theme--dark v-icon--size-default v-data-table-header__sort-icon\\" aria-hidden=\\"true\\"></i>
                  <!---->
                </div>
              </th>
              <th class=\\"v-data-table__td v-data-table-column--align-start v-data-table__th v-data-table__th--sortable v-data-table__th v-data-table__th--sortable\\" style=\\"width: 10%; min-width: 10%;\\">
                <div class=\\"v-data-table-header__content\\"><span>Lightning</span><i class=\\"mdi-arrow-up mdi v-icon notranslate v-theme--dark v-icon--size-default v-data-table-header__sort-icon\\" aria-hidden=\\"true\\"></i>
                  <!---->
                </div>
              </th>
              <th class=\\"v-data-table__td v-data-table-column--align-start v-data-table__th v-data-table__th--sortable v-data-table__th v-data-table__th--sortable\\" style=\\"width: 10%; min-width: 10%;\\">
                <div class=\\"v-data-table-header__content\\"><span>Magic</span><i class=\\"mdi-arrow-up mdi v-icon notranslate v-theme--dark v-icon--size-default v-data-table-header__sort-icon\\" aria-hidden=\\"true\\"></i>
                  <!---->
                </div>
              </th>
              <th class=\\"v-data-table__td v-data-table-column--align-start v-data-table__th v-data-table__th--sortable v-data-table__th v-data-table__th--sortable\\" style=\\"width: 10%; min-width: 10%;\\">
                <div class=\\"v-data-table-header__content\\"><span>Physical</span><i class=\\"mdi-arrow-up mdi v-icon notranslate v-theme--dark v-icon--size-default v-data-table-header__sort-icon\\" aria-hidden=\\"true\\"></i>
                  <!---->
                </div>
              </th>
              <th class=\\"v-data-table__td v-data-table-column--align-start v-data-table__th v-data-table__th--sortable v-data-table__th v-data-table__th--sortable\\" style=\\"width: 10%; min-width: 10%;\\">
                <div class=\\"v-data-table-header__content\\"><span>Poison</span><i class=\\"mdi-arrow-up mdi v-icon notranslate v-theme--dark v-icon--size-default v-data-table-header__sort-icon\\" aria-hidden=\\"true\\"></i>
                  <!---->
                </div>
              </th>
              <th class=\\"v-data-table__td v-data-table-column--align-start v-data-table__th v-data-table__th--sortable v-data-table__th v-data-table__th--sortable\\" style=\\"width: 10%; min-width: 10%;\\">
                <div class=\\"v-data-table-header__content\\"><span>Life</span><i class=\\"mdi-arrow-up mdi v-icon notranslate v-theme--dark v-icon--size-default v-data-table-header__sort-icon\\" aria-hidden=\\"true\\"></i>
                  <!---->
                </div>
              </th>
            </tr>
            <!---->
          </thead>
          <!---->
          <tbody>
            <tr class=\\"v-data-table__tr\\">
              <td class=\\"v-data-table__td v-data-table-column--align-start\\" style=\\"width: 15%;\\">Blood Clan
                <!--v-if-->
              </td>
              <td class=\\"v-data-table__td v-data-table-column--align-start\\" style=\\"width: 10%;\\"><span class=\\"v-chip v-theme--dark v-chip--density-default v-chip--size-small v-chip--variant-plain\\" draggable=\\"false\\"><!----><span class=\\"v-chip__underlay\\"></span>
                <!---->
                <!---->
                <div class=\\"v-chip__content\\">0</div>
                <!---->
                <!----></span>
              </td>
              <td class=\\"v-data-table__td v-data-table-column--align-start\\" style=\\"width: 10%;\\"><span class=\\"v-chip v-theme--dark text-fire v-chip--density-default v-chip--size-small v-chip--variant-tonal\\" draggable=\\"false\\"><!----><span class=\\"v-chip__underlay\\"></span>
                <!---->
                <!---->
                <div class=\\"v-chip__content\\"><strong>100</strong></div>
                <!---->
                <!----></span>
              </td>
              <td class=\\"v-data-table__td v-data-table-column--align-start\\" style=\\"width: 10%;\\"><span class=\\"v-chip v-theme--dark v-chip--density-default v-chip--size-small v-chip--variant-plain\\" draggable=\\"false\\"><!----><span class=\\"v-chip__underlay\\"></span>
                <!---->
                <!---->
                <div class=\\"v-chip__content\\">0</div>
                <!---->
                <!----></span>
              </td>
              <td class=\\"v-data-table__td v-data-table-column--align-start\\" style=\\"width: 10%;\\"><span class=\\"v-chip v-theme--dark v-chip--density-default v-chip--size-small v-chip--variant-plain\\" draggable=\\"false\\"><!----><span class=\\"v-chip__underlay\\"></span>
                <!---->
                <!---->
                <div class=\\"v-chip__content\\">0</div>
                <!---->
                <!----></span>
              </td>
              <td class=\\"v-data-table__td v-data-table-column--align-start\\" style=\\"width: 10%;\\"><span class=\\"v-chip v-theme--dark text-physical darken-4 v-chip--density-default v-chip--size-small v-chip--variant-tonal\\" draggable=\\"false\\"><!----><span class=\\"v-chip__underlay\\"></span>
                <!---->
                <!---->
                <div class=\\"v-chip__content\\">50</div>
                <!---->
                <!----></span>
              </td>
              <td class=\\"v-data-table__td v-data-table-column--align-start\\" style=\\"width: 10%;\\"><span class=\\"v-chip v-theme--dark v-chip--density-default v-chip--size-small v-chip--variant-plain\\" draggable=\\"false\\"><!----><span class=\\"v-chip__underlay\\"></span>
                <!---->
                <!---->
                <div class=\\"v-chip__content\\">0</div>
                <!---->
                <!----></span>
              </td>
              <td class=\\"v-data-table__td v-data-table-column--align-start\\" style=\\"width: 10%;\\"><span title=\\"4119–5354\\">4.7K</span></td>
            </tr>
            <!---->
            <tr class=\\"v-data-table__tr\\">
              <td class=\\"v-data-table__td v-data-table-column--align-start\\" style=\\"width: 15%;\\">Dark Archer
                <!--v-if-->
              </td>
              <td class=\\"v-data-table__td v-data-table-column--align-start\\" style=\\"width: 10%;\\"><span class=\\"v-chip v-theme--dark text-cold darken-4 v-chip--density-default v-chip--size-small v-chip--variant-tonal\\" draggable=\\"false\\"><!----><span class=\\"v-chip__underlay\\"></span>
                <!---->
                <!---->
                <div class=\\"v-chip__content\\">25</div>
                <!---->
                <!----></span>
              </td>
              <td class=\\"v-data-table__td v-data-table-column--align-start\\" style=\\"width: 10%;\\"><span class=\\"v-chip v-theme--dark text-fire darken-4 v-chip--density-default v-chip--size-small v-chip--variant-tonal\\" draggable=\\"false\\"><!----><span class=\\"v-chip__underlay\\"></span>
                <!---->
                <!---->
                <div class=\\"v-chip__content\\">25</div>
                <!---->
                <!----></span>
              </td>
              <td class=\\"v-data-table__td v-data-table-column--align-start\\" style=\\"width: 10%;\\"><span class=\\"v-chip v-theme--dark text-lightning v-chip--density-default v-chip--size-small v-chip--variant-tonal\\" draggable=\\"false\\"><!----><span class=\\"v-chip__underlay\\"></span>
                <!---->
                <!---->
                <div class=\\"v-chip__content\\"><strong>110</strong></div>
                <!---->
                <!----></span>
              </td>
              <td class=\\"v-data-table__td v-data-table-column--align-start\\" style=\\"width: 10%;\\"><span class=\\"v-chip v-theme--dark v-chip--density-default v-chip--size-small v-chip--variant-plain\\" draggable=\\"false\\"><!----><span class=\\"v-chip__underlay\\"></span>
                <!---->
                <!---->
                <div class=\\"v-chip__content\\">0</div>
                <!---->
                <!----></span>
              </td>
              <td class=\\"v-data-table__td v-data-table-column--align-start\\" style=\\"width: 10%;\\"><span class=\\"v-chip v-theme--dark text-physical darken-4 v-chip--density-default v-chip--size-small v-chip--variant-tonal\\" draggable=\\"false\\"><!----><span class=\\"v-chip__underlay\\"></span>
                <!---->
                <!---->
                <div class=\\"v-chip__content\\">15</div>
                <!---->
                <!----></span>
              </td>
              <td class=\\"v-data-table__td v-data-table-column--align-start\\" style=\\"width: 10%;\\"><span class=\\"v-chip v-theme--dark text-poison darken-4 v-chip--density-default v-chip--size-small v-chip--variant-tonal\\" draggable=\\"false\\"><!----><span class=\\"v-chip__underlay\\"></span>
                <!---->
                <!---->
                <div class=\\"v-chip__content\\">25</div>
                <!---->
                <!----></span>
              </td>
              <td class=\\"v-data-table__td v-data-table-column--align-start\\" style=\\"width: 10%;\\"><span title=\\"2265–3913\\">3.1K</span></td>
            </tr>
            <!---->
            <tr class=\\"v-data-table__tr\\">
              <td class=\\"v-data-table__td v-data-table-column--align-start\\" style=\\"width: 15%;\\">Devilkin
                <!--v-if-->
              </td>
              <td class=\\"v-data-table__td v-data-table-column--align-start\\" style=\\"width: 10%;\\"><span class=\\"v-chip v-theme--dark text-cold darken-4 v-chip--density-default v-chip--size-small v-chip--variant-tonal\\" draggable=\\"false\\"><!----><span class=\\"v-chip__underlay\\"></span>
                <!---->
                <!---->
                <div class=\\"v-chip__content\\">40</div>
                <!---->
                <!----></span>
              </td>
              <td class=\\"v-data-table__td v-data-table-column--align-start\\" style=\\"width: 10%;\\"><span class=\\"v-chip v-theme--dark text-fire v-chip--density-default v-chip--size-small v-chip--variant-tonal\\" draggable=\\"false\\"><!----><span class=\\"v-chip__underlay\\"></span>
                <!---->
                <!---->
                <div class=\\"v-chip__content\\"><strong>120</strong></div>
                <!---->
                <!----></span>
              </td>
              <td class=\\"v-data-table__td v-data-table-column--align-start\\" style=\\"width: 10%;\\"><span class=\\"v-chip v-theme--dark v-chip--density-default v-chip--size-small v-chip--variant-plain\\" draggable=\\"false\\"><!----><span class=\\"v-chip__underlay\\"></span>
                <!---->
                <!---->
                <div class=\\"v-chip__content\\">0</div>
                <!---->
                <!----></span>
              </td>
              <td class=\\"v-data-table__td v-data-table-column--align-start\\" style=\\"width: 10%;\\"><span class=\\"v-chip v-theme--dark v-chip--density-default v-chip--size-small v-chip--variant-plain\\" draggable=\\"false\\"><!----><span class=\\"v-chip__underlay\\"></span>
                <!---->
                <!---->
                <div class=\\"v-chip__content\\">0</div>
                <!---->
                <!----></span>
              </td>
              <td class=\\"v-data-table__td v-data-table-column--align-start\\" style=\\"width: 10%;\\"><span class=\\"v-chip v-theme--dark text-physical darken-4 v-chip--density-default v-chip--size-small v-chip--variant-tonal\\" draggable=\\"false\\"><!----><span class=\\"v-chip__underlay\\"></span>
                <!---->
                <!---->
                <div class=\\"v-chip__content\\">15</div>
                <!---->
                <!----></span>
              </td>
              <td class=\\"v-data-table__td v-data-table-column--align-start\\" style=\\"width: 10%;\\"><span class=\\"v-chip v-theme--dark v-chip--density-default v-chip--size-small v-chip--variant-plain\\" draggable=\\"false\\"><!----><span class=\\"v-chip__underlay\\"></span>
                <!---->
                <!---->
                <div class=\\"v-chip__content\\">0</div>
                <!---->
                <!----></span>
              </td>
              <td class=\\"v-data-table__td v-data-table-column--align-start\\" style=\\"width: 10%;\\"><span title=\\"1029–2265\\">1.6K</span></td>
            </tr>
            <!---->
            <tr class=\\"v-data-table__tr\\">
              <td class=\\"v-data-table__td v-data-table-column--align-start\\" style=\\"width: 15%;\\">Ghost
                <!--v-if-->
              </td>
              <td class=\\"v-data-table__td v-data-table-column--align-start\\" style=\\"width: 10%;\\"><span class=\\"v-chip v-theme--dark text-cold darken-4 v-chip--density-default v-chip--size-small v-chip--variant-tonal\\" draggable=\\"false\\"><!----><span class=\\"v-chip__underlay\\"></span>
                <!---->
                <!---->
                <div class=\\"v-chip__content\\">50</div>
                <!---->
                <!----></span>
              </td>
              <td class=\\"v-data-table__td v-data-table-column--align-start\\" style=\\"width: 10%;\\"><span class=\\"v-chip v-theme--dark v-chip--density-default v-chip--size-small v-chip--variant-plain\\" draggable=\\"false\\"><!----><span class=\\"v-chip__underlay\\"></span>
                <!---->
                <!---->
                <div class=\\"v-chip__content\\">0</div>
                <!---->
                <!----></span>
              </td>
              <td class=\\"v-data-table__td v-data-table-column--align-start\\" style=\\"width: 10%;\\"><span class=\\"v-chip v-theme--dark v-chip--density-default v-chip--size-small v-chip--variant-plain\\" draggable=\\"false\\"><!----><span class=\\"v-chip__underlay\\"></span>
                <!---->
                <!---->
                <div class=\\"v-chip__content\\">0</div>
                <!---->
                <!----></span>
              </td>
              <td class=\\"v-data-table__td v-data-table-column--align-start\\" style=\\"width: 10%;\\"><span class=\\"v-chip v-theme--dark text-magic darken-4 v-chip--density-default v-chip--size-small v-chip--variant-tonal\\" draggable=\\"false\\"><!----><span class=\\"v-chip__underlay\\"></span>
                <!---->
                <!---->
                <div class=\\"v-chip__content\\">50</div>
                <!---->
                <!----></span>
              </td>
              <td class=\\"v-data-table__td v-data-table-column--align-start\\" style=\\"width: 10%;\\"><span class=\\"v-chip v-theme--dark text-physical v-chip--density-default v-chip--size-small v-chip--variant-tonal\\" draggable=\\"false\\"><!----><span class=\\"v-chip__underlay\\"></span>
                <!---->
                <!---->
                <div class=\\"v-chip__content\\"><strong>100</strong></div>
                <!---->
                <!----></span>
              </td>
              <td class=\\"v-data-table__td v-data-table-column--align-start\\" style=\\"width: 10%;\\"><span class=\\"v-chip v-theme--dark text-poison darken-3 v-chip--density-default v-chip--size-small v-chip--variant-tonal\\" draggable=\\"false\\"><!----><span class=\\"v-chip__underlay\\"></span>
                <!---->
                <!---->
                <div class=\\"v-chip__content\\">75</div>
                <!---->
                <!----></span>
              </td>
              <td class=\\"v-data-table__td v-data-table-column--align-start\\" style=\\"width: 10%;\\"><span title=\\"2677–3707\\">3.2K</span></td>
            </tr>
            <!---->
            <tr class=\\"v-data-table__tr\\">
              <td class=\\"v-data-table__td v-data-table-column--align-start\\" style=\\"width: 15%;\\">The Countess
                <!--v-if-->
              </td>
              <td class=\\"v-data-table__td v-data-table-column--align-start\\" style=\\"width: 10%;\\"><span class=\\"v-chip v-theme--dark text-cold v-chip--density-default v-chip--size-small v-chip--variant-tonal\\" draggable=\\"false\\"><!----><span class=\\"v-chip__underlay\\"></span>
                <!---->
                <!---->
                <div class=\\"v-chip__content\\"><strong>130</strong></div>
                <!---->
                <!----></span>
              </td>
              <td class=\\"v-data-table__td v-data-table-column--align-start\\" style=\\"width: 10%;\\"><span class=\\"v-chip v-theme--dark text-fire v-chip--density-default v-chip--size-small v-chip--variant-tonal\\" draggable=\\"false\\"><!----><span class=\\"v-chip__underlay\\"></span>
                <!---->
                <!---->
                <div class=\\"v-chip__content\\"><strong>108</strong></div>
                <!---->
                <!----></span>
              </td>
              <td class=\\"v-data-table__td v-data-table-column--align-start\\" style=\\"width: 10%;\\"><span class=\\"v-chip v-theme--dark text-lightning darken-5 v-chip--density-default v-chip--size-small v-chip--variant-tonal\\" draggable=\\"false\\"><!----><span class=\\"v-chip__underlay\\"></span>
                <!---->
                <!---->
                <div class=\\"v-chip__content\\">33</div>
                <!---->
                <!----></span>
              </td>
              <td class=\\"v-data-table__td v-data-table-column--align-start\\" style=\\"width: 10%;\\"><span class=\\"v-chip v-theme--dark text-magic darken-4 v-chip--density-default v-chip--size-small v-chip--variant-tonal\\" draggable=\\"false\\"><!----><span class=\\"v-chip__underlay\\"></span>
                <!---->
                <!---->
                <div class=\\"v-chip__content\\">20</div>
                <!---->
                <!----></span>
              </td>
              <td class=\\"v-data-table__td v-data-table-column--align-start\\" style=\\"width: 10%;\\"><span class=\\"v-chip v-theme--dark text-physical darken-4 v-chip--density-default v-chip--size-small v-chip--variant-tonal\\" draggable=\\"false\\"><!----><span class=\\"v-chip__underlay\\"></span>
                <!---->
                <!---->
                <div class=\\"v-chip__content\\">20</div>
                <!---->
                <!----></span>
              </td>
              <td class=\\"v-data-table__td v-data-table-column--align-start\\" style=\\"width: 10%;\\"><span class=\\"v-chip v-theme--dark text-poison darken-4 v-chip--density-default v-chip--size-small v-chip--variant-tonal\\" draggable=\\"false\\"><!----><span class=\\"v-chip__underlay\\"></span>
                <!---->
                <!---->
                <div class=\\"v-chip__content\\">20</div>
                <!---->
                <!----></span>
              </td>
              <td class=\\"v-data-table__td v-data-table-column--align-start\\" style=\\"width: 10%;\\"><span title=\\"5252–8756\\">7K</span></td>
            </tr>
            <!---->
            <tr class=\\"v-data-table__tr\\">
              <td class=\\"v-data-table__td v-data-table-column--align-start\\" style=\\"width: 15%;\\">Dark Stalker <span class=\\"text-caption\\">(Countess minions)</span></td>
              <td class=\\"v-data-table__td v-data-table-column--align-start\\" style=\\"width: 10%;\\"><span class=\\"v-chip v-theme--dark text-cold v-chip--density-default v-chip--size-small v-chip--variant-tonal\\" draggable=\\"false\\"><!----><span class=\\"v-chip__underlay\\"></span>
                <!---->
                <!---->
                <div class=\\"v-chip__content\\"><strong>130</strong></div>
                <!---->
                <!----></span>
              </td>
              <td class=\\"v-data-table__td v-data-table-column--align-start\\" style=\\"width: 10%;\\"><span class=\\"v-chip v-theme--dark text-fire darken-4 v-chip--density-default v-chip--size-small v-chip--variant-tonal\\" draggable=\\"false\\"><!----><span class=\\"v-chip__underlay\\"></span>
                <!---->
                <!---->
                <div class=\\"v-chip__content\\">33</div>
                <!---->
                <!----></span>
              </td>
              <td class=\\"v-data-table__td v-data-table-column--align-start\\" style=\\"width: 10%;\\"><span class=\\"v-chip v-theme--dark text-lightning darken-5 v-chip--density-default v-chip--size-small v-chip--variant-tonal\\" draggable=\\"false\\"><!----><span class=\\"v-chip__underlay\\"></span>
                <!---->
                <!---->
                <div class=\\"v-chip__content\\">33</div>
                <!---->
                <!----></span>
              </td>
              <td class=\\"v-data-table__td v-data-table-column--align-start\\" style=\\"width: 10%;\\"><span class=\\"v-chip v-theme--dark text-magic darken-4 v-chip--density-default v-chip--size-small v-chip--variant-tonal\\" draggable=\\"false\\"><!----><span class=\\"v-chip__underlay\\"></span>
                <!---->
                <!---->
                <div class=\\"v-chip__content\\">20</div>
                <!---->
                <!----></span>
              </td>
              <td class=\\"v-data-table__td v-data-table-column--align-start\\" style=\\"width: 10%;\\"><span class=\\"v-chip v-theme--dark text-physical darken-4 v-chip--density-default v-chip--size-small v-chip--variant-tonal\\" draggable=\\"false\\"><!----><span class=\\"v-chip__underlay\\"></span>
                <!---->
                <!---->
                <div class=\\"v-chip__content\\">20</div>
                <!---->
                <!----></span>
              </td>
              <td class=\\"v-data-table__td v-data-table-column--align-start\\" style=\\"width: 10%;\\"><span class=\\"v-chip v-theme--dark text-poison darken-4 v-chip--density-default v-chip--size-small v-chip--variant-tonal\\" draggable=\\"false\\"><!----><span class=\\"v-chip__underlay\\"></span>
                <!---->
                <!---->
                <div class=\\"v-chip__content\\">20</div>
                <!---->
                <!----></span>
              </td>
              <td class=\\"v-data-table__td v-data-table-column--align-start\\" style=\\"width: 10%;\\"><span title=\\"3939–6567\\">5.3K</span></td>
            </tr>
            <!---->
          </tbody>
          <!---->
          <!---->
        </table>
      </div>
    </div>
  </div>
  <div class=\\"mb-8\\">
    <div class=\\"d-flex\\">
      <h2 class=\\"ml-4 mr-10 align-self-baseline\\">The Pit <span class=\\"v-chip v-theme--dark text-white v-chip--density-default v-chip--size-default v-chip--variant-tonal\\" draggable=\\"false\\"><!----><span class=\\"v-chip__underlay\\"></span>
        <!---->
        <!---->
        <div class=\\"v-chip__content\\">85</div>
        <!---->
        <!----></span>
      </h2>
      <div class=\\"align-self-baseline\\"><span class=\\"mr-2\\">immunes</span><span class=\\"v-chip v-theme--dark text-cold v-chip--density-compact v-chip--size-default v-chip--variant-tonal mr-2\\" draggable=\\"false\\" title=\\"cold immunes\\"><!----><span class=\\"v-chip__underlay\\"></span>
        <!---->
        <!---->
        <div class=\\"v-chip__content\\"><strong>2</strong></div>
        <!---->
        <!----></span><span class=\\"v-chip v-theme--dark text-fire v-chip--density-compact v-chip--size-default v-chip--variant-tonal mr-2\\" draggable=\\"false\\" title=\\"fire immunes\\"><!----><span class=\\"v-chip__underlay\\"></span>
        <!---->
        <!---->
        <div class=\\"v-chip__content\\"><strong>2</strong></div>
        <!---->
        <!----></span><span class=\\"v-chip v-theme--dark text-lightning v-chip--density-compact v-chip--size-default v-chip--variant-tonal mr-2\\" draggable=\\"false\\" title=\\"lightning immunes\\"><!----><span class=\\"v-chip__underlay\\"></span>
        <!---->
        <!---->
        <div class=\\"v-chip__content\\"><strong>1</strong></div>
        <!---->
        <!----></span>
        <!--v-if-->
        <!--v-if-->
        <!--v-if-->
      </div>
    </div>
    <div class=\\"v-table v-table--has-top v-table--has-bottom v-theme--dark v-table--density-default v-data-table\\" disable-pagination=\\"\\" hide-default-footer=\\"\\" dense=\\"\\" calculate-widths=\\"\\">
      <!---->
      <div class=\\"v-table__wrapper\\">
        <table>
          <!---->
          <thead>
            <tr>
              <th class=\\"v-data-table__td v-data-table-column--align-start v-data-table__th v-data-table__th--sortable v-data-table__th v-data-table__th--sortable\\" style=\\"width: 15%; min-width: 15%;\\">
                <div class=\\"v-data-table-header__content\\"><span>Name</span><i class=\\"mdi-arrow-up mdi v-icon notranslate v-theme--dark v-icon--size-default v-data-table-header__sort-icon\\" aria-hidden=\\"true\\"></i>
                  <!---->
                </div>
              </th>
              <th class=\\"v-data-table__td v-data-table-column--align-start v-data-table__th v-data-table__th--sortable v-data-table__th v-data-table__th--sortable\\" style=\\"width: 10%; min-width: 10%;\\">
                <div class=\\"v-data-table-header__content\\"><span>Cold</span><i class=\\"mdi-arrow-up mdi v-icon notranslate v-theme--dark v-icon--size-default v-data-table-header__sort-icon\\" aria-hidden=\\"true\\"></i>
                  <!---->
                </div>
              </th>
              <th class=\\"v-data-table__td v-data-table-column--align-start v-data-table__th v-data-table__th--sortable v-data-table__th v-data-table__th--sortable\\" style=\\"width: 10%; min-width: 10%;\\">
                <div class=\\"v-data-table-header__content\\"><span>Fire</span><i class=\\"mdi-arrow-up mdi v-icon notranslate v-theme--dark v-icon--size-default v-data-table-header__sort-icon\\" aria-hidden=\\"true\\"></i>
                  <!---->
                </div>
              </th>
              <th class=\\"v-data-table__td v-data-table-column--align-start v-data-table__th v-data-table__th--sortable v-data-table__th v-data-table__th--sortable\\" style=\\"width: 10%; min-width: 10%;\\">
                <div class=\\"v-data-table-header__content\\"><span>Lightning</span><i class=\\"mdi-arrow-up mdi v-icon notranslate v-theme--dark v-icon--size-default v-data-table-header__sort-icon\\" aria-hidden=\\"true\\"></i>
                  <!---->
                </div>
              </th>
              <th class=\\"v-data-table__td v-data-table-column--align-start v-data-table__th v-data-table__th--sortable v-data-table__th v-data-table__th--sortable\\" style=\\"width: 10%; min-width: 10%;\\">
                <div class=\\"v-data-table-header__content\\"><span>Magic</span><i class=\\"mdi-arrow-up mdi v-icon notranslate v-theme--dark v-icon--size-default v-data-table-header__sort-icon\\" aria-hidden=\\"true\\"></i>
                  <!---->
                </div>
              </th>
              <th class=\\"v-data-table__td v-data-table-column--align-start v-data-table__th v-data-table__th--sortable v-data-table__th v-data-table__th--sortable\\" style=\\"width: 10%; min-width: 10%;\\">
                <div class=\\"v-data-table-header__content\\"><span>Physical</span><i class=\\"mdi-arrow-up mdi v-icon notranslate v-theme--dark v-icon--size-default v-data-table-header__sort-icon\\" aria-hidden=\\"true\\"></i>
                  <!---->
                </div>
              </th>
              <th class=\\"v-data-table__td v-data-table-column--align-start v-data-table__th v-data-table__th--sortable v-data-table__th v-data-table__th--sortable\\" style=\\"width: 10%; min-width: 10%;\\">
                <div class=\\"v-data-table-header__content\\"><span>Poison</span><i class=\\"mdi-arrow-up mdi v-icon notranslate v-theme--dark v-icon--size-default v-data-table-header__sort-icon\\" aria-hidden=\\"true\\"></i>
                  <!---->
                </div>
              </th>
              <th class=\\"v-data-table__td v-data-table-column--align-start v-data-table__th v-data-table__th--sortable v-data-table__th v-data-table__th--sortable\\" style=\\"width: 10%; min-width: 10%;\\">
                <div class=\\"v-data-table-header__content\\"><span>Life</span><i class=\\"mdi-arrow-up mdi v-icon notranslate v-theme--dark v-icon--size-default v-data-table-header__sort-icon\\" aria-hidden=\\"true\\"></i>
                  <!---->
                </div>
              </th>
            </tr>
            <!---->
          </thead>
          <!---->
          <tbody>
            <tr class=\\"v-data-table__tr\\">
              <td class=\\"v-data-table__td v-data-table-column--align-start\\" style=\\"width: 15%;\\">Bone Warrior
                <!--v-if-->
              </td>
              <td class=\\"v-data-table__td v-data-table-column--align-start\\" style=\\"width: 10%;\\"><span class=\\"v-chip v-theme--dark text-cold v-chip--density-default v-chip--size-small v-chip--variant-tonal\\" draggable=\\"false\\"><!----><span class=\\"v-chip__underlay\\"></span>
                <!---->
                <!---->
                <div class=\\"v-chip__content\\"><strong>110</strong></div>
                <!---->
                <!----></span>
              </td>
              <td class=\\"v-data-table__td v-data-table-column--align-start\\" style=\\"width: 10%;\\"><span class=\\"v-chip v-theme--dark v-chip--density-default v-chip--size-small v-chip--variant-plain\\" draggable=\\"false\\"><!----><span class=\\"v-chip__underlay\\"></span>
                <!---->
                <!---->
                <div class=\\"v-chip__content\\">0</div>
                <!---->
                <!----></span>
              </td>
              <td class=\\"v-data-table__td v-data-table-column--align-start\\" style=\\"width: 10%;\\"><span class=\\"v-chip v-theme--dark v-chip--density-default v-chip--size-small v-chip--variant-plain\\" draggable=\\"false\\"><!----><span class=\\"v-chip__underlay\\"></span>
                <!---->
                <!---->
                <div class=\\"v-chip__content\\">0</div>
                <!---->
                <!----></span>
              </td>
              <td class=\\"v-data-table__td v-data-table-column--align-start\\" style=\\"width: 10%;\\"><span class=\\"v-chip v-theme--dark v-chip--density-default v-chip--size-small v-chip--variant-plain\\" draggable=\\"false\\"><!----><span class=\\"v-chip__underlay\\"></span>
                <!---->
                <!---->
                <div class=\\"v-chip__content\\">0</div>
                <!---->
                <!----></span>
              </td>
              <td class=\\"v-data-table__td v-data-table-column--align-start\\" style=\\"width: 10%;\\"><span class=\\"v-chip v-theme--dark text-physical darken-4 v-chip--density-default v-chip--size-small v-chip--variant-tonal\\" draggable=\\"false\\"><!----><span class=\\"v-chip__underlay\\"></span>
                <!---->
                <!---->
                <div class=\\"v-chip__content\\">33</div>
                <!---->
                <!----></span>
              </td>
              <td class=\\"v-data-table__td v-data-table-column--align-start\\" style=\\"width: 10%;\\"><span class=\\"v-chip v-theme--dark text-poison darken-3 v-chip--density-default v-chip--size-small v-chip--variant-tonal\\" draggable=\\"false\\"><!----><span class=\\"v-chip__underlay\\"></span>
                <!---->
                <!---->
                <div class=\\"v-chip__content\\">75</div>
                <!---->
                <!----></span>
              </td>
              <td class=\\"v-data-table__td v-data-table-column--align-start\\" style=\\"width: 10%;\\"><span title=\\"3245–4637\\">3.9K</span></td>
            </tr>
            <!---->
            <tr class=\\"v-data-table__tr\\">
              <td class=\\"v-data-table__td v-data-table-column--align-start\\" style=\\"width: 15%;\\">Dark Archer
                <!--v-if-->
              </td>
              <td class=\\"v-data-table__td v-data-table-column--align-start\\" style=\\"width: 10%;\\"><span class=\\"v-chip v-theme--dark text-cold darken-4 v-chip--density-default v-chip--size-small v-chip--variant-tonal\\" draggable=\\"false\\"><!----><span class=\\"v-chip__underlay\\"></span>
                <!---->
                <!---->
                <div class=\\"v-chip__content\\">25</div>
                <!---->
                <!----></span>
              </td>
              <td class=\\"v-data-table__td v-data-table-column--align-start\\" style=\\"width: 10%;\\"><span class=\\"v-chip v-theme--dark text-fire darken-4 v-chip--density-default v-chip--size-small v-chip--variant-tonal\\" draggable=\\"false\\"><!----><span class=\\"v-chip__underlay\\"></span>
                <!---->
                <!---->
                <div class=\\"v-chip__content\\">25</div>
                <!---->
                <!----></span>
              </td>
              <td class=\\"v-data-table__td v-data-table-column--align-start\\" style=\\"width: 10%;\\"><span class=\\"v-chip v-theme--dark text-lightning v-chip--density-default v-chip--size-small v-chip--variant-tonal\\" draggable=\\"false\\"><!----><span class=\\"v-chip__underlay\\"></span>
                <!---->
                <!---->
                <div class=\\"v-chip__content\\"><strong>110</strong></div>
                <!---->
                <!----></span>
              </td>
              <td class=\\"v-data-table__td v-data-table-column--align-start\\" style=\\"width: 10%;\\"><span class=\\"v-chip v-theme--dark v-chip--density-default v-chip--size-small v-chip--variant-plain\\" draggable=\\"false\\"><!----><span class=\\"v-chip__underlay\\"></span>
                <!---->
                <!---->
                <div class=\\"v-chip__content\\">0</div>
                <!---->
                <!----></span>
              </td>
              <td class=\\"v-data-table__td v-data-table-column--align-start\\" style=\\"width: 10%;\\"><span class=\\"v-chip v-theme--dark text-physical darken-4 v-chip--density-default v-chip--size-small v-chip--variant-tonal\\" draggable=\\"false\\"><!----><span class=\\"v-chip__underlay\\"></span>
                <!---->
                <!---->
                <div class=\\"v-chip__content\\">15</div>
                <!---->
                <!----></span>
              </td>
              <td class=\\"v-data-table__td v-data-table-column--align-start\\" style=\\"width: 10%;\\"><span class=\\"v-chip v-theme--dark text-poison darken-4 v-chip--density-default v-chip--size-small v-chip--variant-tonal\\" draggable=\\"false\\"><!----><span class=\\"v-chip__underlay\\"></span>
                <!---->
                <!---->
                <div class=\\"v-chip__content\\">25</div>
                <!---->
                <!----></span>
              </td>
              <td class=\\"v-data-table__td v-data-table-column--align-start\\" style=\\"width: 10%;\\"><span title=\\"2550–4405\\">3.5K</span></td>
            </tr>
            <!---->
            <tr class=\\"v-data-table__tr\\">
              <td class=\\"v-data-table__td v-data-table-column--align-start\\" style=\\"width: 15%;\\">Dark Stalker
                <!--v-if-->
              </td>
              <td class=\\"v-data-table__td v-data-table-column--align-start\\" style=\\"width: 10%;\\"><span class=\\"v-chip v-theme--dark text-cold v-chip--density-default v-chip--size-small v-chip--variant-tonal\\" draggable=\\"false\\"><!----><span class=\\"v-chip__underlay\\"></span>
                <!---->
                <!---->
                <div class=\\"v-chip__content\\"><strong>130</strong></div>
                <!---->
                <!----></span>
              </td>
              <td class=\\"v-data-table__td v-data-table-column--align-start\\" style=\\"width: 10%;\\"><span class=\\"v-chip v-theme--dark text-fire darken-4 v-chip--density-default v-chip--size-small v-chip--variant-tonal\\" draggable=\\"false\\"><!----><span class=\\"v-chip__underlay\\"></span>
                <!---->
                <!---->
                <div class=\\"v-chip__content\\">33</div>
                <!---->
                <!----></span>
              </td>
              <td class=\\"v-data-table__td v-data-table-column--align-start\\" style=\\"width: 10%;\\"><span class=\\"v-chip v-theme--dark text-lightning darken-5 v-chip--density-default v-chip--size-small v-chip--variant-tonal\\" draggable=\\"false\\"><!----><span class=\\"v-chip__underlay\\"></span>
                <!---->
                <!---->
                <div class=\\"v-chip__content\\">33</div>
                <!---->
                <!----></span>
              </td>
              <td class=\\"v-data-table__td v-data-table-column--align-start\\" style=\\"width: 10%;\\"><span class=\\"v-chip v-theme--dark text-magic darken-4 v-chip--density-default v-chip--size-small v-chip--variant-tonal\\" draggable=\\"false\\"><!----><span class=\\"v-chip__underlay\\"></span>
                <!---->
                <!---->
                <div class=\\"v-chip__content\\">20</div>
                <!---->
                <!----></span>
              </td>
              <td class=\\"v-data-table__td v-data-table-column--align-start\\" style=\\"width: 10%;\\"><span class=\\"v-chip v-theme--dark text-physical darken-4 v-chip--density-default v-chip--size-small v-chip--variant-tonal\\" draggable=\\"false\\"><!----><span class=\\"v-chip__underlay\\"></span>
                <!---->
                <!---->
                <div class=\\"v-chip__content\\">20</div>
                <!---->
                <!----></span>
              </td>
              <td class=\\"v-data-table__td v-data-table-column--align-start\\" style=\\"width: 10%;\\"><span class=\\"v-chip v-theme--dark text-poison darken-4 v-chip--density-default v-chip--size-small v-chip--variant-tonal\\" draggable=\\"false\\"><!----><span class=\\"v-chip__underlay\\"></span>
                <!---->
                <!---->
                <div class=\\"v-chip__content\\">20</div>
                <!---->
                <!----></span>
              </td>
              <td class=\\"v-data-table__td v-data-table-column--align-start\\" style=\\"width: 10%;\\"><span title=\\"2782–4637\\">3.7K</span></td>
            </tr>
            <!---->
            <tr class=\\"v-data-table__tr\\">
              <td class=\\"v-data-table__td v-data-table-column--align-start\\" style=\\"width: 15%;\\">Devilkin
                <!--v-if-->
              </td>
              <td class=\\"v-data-table__td v-data-table-column--align-start\\" style=\\"width: 10%;\\"><span class=\\"v-chip v-theme--dark text-cold darken-4 v-chip--density-default v-chip--size-small v-chip--variant-tonal\\" draggable=\\"false\\"><!----><span class=\\"v-chip__underlay\\"></span>
                <!---->
                <!---->
                <div class=\\"v-chip__content\\">40</div>
                <!---->
                <!----></span>
              </td>
              <td class=\\"v-data-table__td v-data-table-column--align-start\\" style=\\"width: 10%;\\"><span class=\\"v-chip v-theme--dark text-fire v-chip--density-default v-chip--size-small v-chip--variant-tonal\\" draggable=\\"false\\"><!----><span class=\\"v-chip__underlay\\"></span>
                <!---->
                <!---->
                <div class=\\"v-chip__content\\"><strong>120</strong></div>
                <!---->
                <!----></span>
              </td>
              <td class=\\"v-data-table__td v-data-table-column--align-start\\" style=\\"width: 10%;\\"><span class=\\"v-chip v-theme--dark v-chip--density-default v-chip--size-small v-chip--variant-plain\\" draggable=\\"false\\"><!----><span class=\\"v-chip__underlay\\"></span>
                <!---->
                <!---->
                <div class=\\"v-chip__content\\">0</div>
                <!---->
                <!----></span>
              </td>
              <td class=\\"v-data-table__td v-data-table-column--align-start\\" style=\\"width: 10%;\\"><span class=\\"v-chip v-theme--dark v-chip--density-default v-chip--size-small v-chip--variant-plain\\" draggable=\\"false\\"><!----><span class=\\"v-chip__underlay\\"></span>
                <!---->
                <!---->
                <div class=\\"v-chip__content\\">0</div>
                <!---->
                <!----></span>
              </td>
              <td class=\\"v-data-table__td v-data-table-column--align-start\\" style=\\"width: 10%;\\"><span class=\\"v-chip v-theme--dark text-physical darken-4 v-chip--density-default v-chip--size-small v-chip--variant-tonal\\" draggable=\\"false\\"><!----><span class=\\"v-chip__underlay\\"></span>
                <!---->
                <!---->
                <div class=\\"v-chip__content\\">15</div>
                <!---->
                <!----></span>
              </td>
              <td class=\\"v-data-table__td v-data-table-column--align-start\\" style=\\"width: 10%;\\"><span class=\\"v-chip v-theme--dark v-chip--density-default v-chip--size-small v-chip--variant-plain\\" draggable=\\"false\\"><!----><span class=\\"v-chip__underlay\\"></span>
                <!---->
                <!---->
                <div class=\\"v-chip__content\\">0</div>
                <!---->
                <!----></span>
              </td>
              <td class=\\"v-data-table__td v-data-table-column--align-start\\" style=\\"width: 10%;\\"><span title=\\"1159–2550\\">1.9K</span></td>
            </tr>
            <!---->
            <tr class=\\"v-data-table__tr\\">
              <td class=\\"v-data-table__td v-data-table-column--align-start\\" style=\\"width: 15%;\\">Devilkin Shaman
                <!--v-if-->
              </td>
              <td class=\\"v-data-table__td v-data-table-column--align-start\\" style=\\"width: 10%;\\"><span class=\\"v-chip v-theme--dark v-chip--density-default v-chip--size-small v-chip--variant-plain\\" draggable=\\"false\\"><!----><span class=\\"v-chip__underlay\\"></span>
                <!---->
                <!---->
                <div class=\\"v-chip__content\\">0</div>
                <!---->
                <!----></span>
              </td>
              <td class=\\"v-data-table__td v-data-table-column--align-start\\" style=\\"width: 10%;\\"><span class=\\"v-chip v-theme--dark text-fire v-chip--density-default v-chip--size-small v-chip--variant-tonal\\" draggable=\\"false\\"><!----><span class=\\"v-chip__underlay\\"></span>
                <!---->
                <!---->
                <div class=\\"v-chip__content\\"><strong>110</strong></div>
                <!---->
                <!----></span>
              </td>
              <td class=\\"v-data-table__td v-data-table-column--align-start\\" style=\\"width: 10%;\\"><span class=\\"v-chip v-theme--dark v-chip--density-default v-chip--size-small v-chip--variant-plain\\" draggable=\\"false\\"><!----><span class=\\"v-chip__underlay\\"></span>
                <!---->
                <!---->
                <div class=\\"v-chip__content\\">0</div>
                <!---->
                <!----></span>
              </td>
              <td class=\\"v-data-table__td v-data-table-column--align-start\\" style=\\"width: 10%;\\"><span class=\\"v-chip v-theme--dark v-chip--density-default v-chip--size-small v-chip--variant-plain\\" draggable=\\"false\\"><!----><span class=\\"v-chip__underlay\\"></span>
                <!---->
                <!---->
                <div class=\\"v-chip__content\\">0</div>
                <!---->
                <!----></span>
              </td>
              <td class=\\"v-data-table__td v-data-table-column--align-start\\" style=\\"width: 10%;\\"><span class=\\"v-chip v-theme--dark text-physical darken-4 v-chip--density-default v-chip--size-small v-chip--variant-tonal\\" draggable=\\"false\\"><!----><span class=\\"v-chip__underlay\\"></span>
                <!---->
                <!---->
                <div class=\\"v-chip__content\\">15</div>
                <!---->
                <!----></span>
              </td>
              <td class=\\"v-data-table__td v-data-table-column--align-start\\" style=\\"width: 10%;\\"><span class=\\"v-chip v-theme--dark v-chip--density-default v-chip--size-small v-chip--variant-plain\\" draggable=\\"false\\"><!----><span class=\\"v-chip__underlay\\"></span>
                <!---->
                <!---->
                <div class=\\"v-chip__content\\">0</div>
                <!---->
                <!----></span>
              </td>
              <td class=\\"v-data-table__td v-data-table-column--align-start\\" style=\\"width: 10%;\\"><span title=\\"2550–4173\\">3.4K</span></td>
            </tr>
            <!---->
          </tbody>
          <!---->
          <!---->
        </table>
      </div>
    </div>
  </div>
  <div class=\\"mb-8\\">
    <div class=\\"d-flex\\">
      <h2 class=\\"ml-4 mr-10 align-self-baseline\\">Chaos Sanctuary <span class=\\"v-chip v-theme--dark text-white v-chip--density-default v-chip--size-default v-chip--variant-tonal\\" draggable=\\"false\\"><!----><span class=\\"v-chip__underlay\\"></span>
        <!---->
        <!---->
        <div class=\\"v-chip__content\\">85</div>
        <!---->
        <!----></span>
      </h2>
      <div class=\\"align-self-baseline\\"><span class=\\"mr-2\\">immunes</span><span class=\\"v-chip v-theme--dark text-cold v-chip--density-compact v-chip--size-default v-chip--variant-tonal mr-2\\" draggable=\\"false\\" title=\\"cold immunes\\"><!----><span class=\\"v-chip__underlay\\"></span>
        <!---->
        <!---->
        <div class=\\"v-chip__content\\"><strong>2</strong></div>
        <!---->
        <!----></span><span class=\\"v-chip v-theme--dark text-fire v-chip--density-compact v-chip--size-default v-chip--variant-tonal mr-2\\" draggable=\\"false\\" title=\\"fire immunes\\"><!----><span class=\\"v-chip__underlay\\"></span>
        <!---->
        <!---->
        <div class=\\"v-chip__content\\"><strong>5</strong></div>
        <!---->
        <!----></span><span class=\\"v-chip v-theme--dark text-lightning v-chip--density-compact v-chip--size-default v-chip--variant-tonal mr-2\\" draggable=\\"false\\" title=\\"lightning immunes\\"><!----><span class=\\"v-chip__underlay\\"></span>
        <!---->
        <!---->
        <div class=\\"v-chip__content\\"><strong>3</strong></div>
        <!---->
        <!----></span>
        <!--v-if-->
        <!--v-if-->
        <!--v-if-->
      </div>
    </div>
    <div class=\\"v-table v-table--has-top v-table--has-bottom v-theme--dark v-table--density-default v-data-table\\" disable-pagination=\\"\\" hide-default-footer=\\"\\" dense=\\"\\" calculate-widths=\\"\\">
      <!---->
      <div class=\\"v-table__wrapper\\">
        <table>
          <!---->
          <thead>
            <tr>
              <th class=\\"v-data-table__td v-data-table-column--align-start v-data-table__th v-data-table__th--sortable v-data-table__th v-data-table__th--sortable\\" style=\\"width: 15%; min-width: 15%;\\">
                <div class=\\"v-data-table-header__content\\"><span>Name</span><i class=\\"mdi-arrow-up mdi v-icon notranslate v-theme--dark v-icon--size-default v-data-table-header__sort-icon\\" aria-hidden=\\"true\\"></i>
                  <!---->
                </div>
              </th>
              <th class=\\"v-data-table__td v-data-table-column--align-start v-data-table__th v-data-table__th--sortable v-data-table__th v-data-table__th--sortable\\" style=\\"width: 10%; min-width: 10%;\\">
                <div class=\\"v-data-table-header__content\\"><span>Cold</span><i class=\\"mdi-arrow-up mdi v-icon notranslate v-theme--dark v-icon--size-default v-data-table-header__sort-icon\\" aria-hidden=\\"true\\"></i>
                  <!---->
                </div>
              </th>
              <th class=\\"v-data-table__td v-data-table-column--align-start v-data-table__th v-data-table__th--sortable v-data-table__th v-data-table__th--sortable\\" style=\\"width: 10%; min-width: 10%;\\">
                <div class=\\"v-data-table-header__content\\"><span>Fire</span><i class=\\"mdi-arrow-up mdi v-icon notranslate v-theme--dark v-icon--size-default v-data-table-header__sort-icon\\" aria-hidden=\\"true\\"></i>
                  <!---->
                </div>
              </th>
              <th class=\\"v-data-table__td v-data-table-column--align-start v-data-table__th v-data-table__th--sortable v-data-table__th v-data-table__th--sortable\\" style=\\"width: 10%; min-width: 10%;\\">
                <div class=\\"v-data-table-header__content\\"><span>Lightning</span><i class=\\"mdi-arrow-up mdi v-icon notranslate v-theme--dark v-icon--size-default v-data-table-header__sort-icon\\" aria-hidden=\\"true\\"></i>
                  <!---->
                </div>
              </th>
              <th class=\\"v-data-table__td v-data-table-column--align-start v-data-table__th v-data-table__th--sortable v-data-table__th v-data-table__th--sortable\\" style=\\"width: 10%; min-width: 10%;\\">
                <div class=\\"v-data-table-header__content\\"><span>Magic</span><i class=\\"mdi-arrow-up mdi v-icon notranslate v-theme--dark v-icon--size-default v-data-table-header__sort-icon\\" aria-hidden=\\"true\\"></i>
                  <!---->
                </div>
              </th>
              <th class=\\"v-data-table__td v-data-table-column--align-start v-data-table__th v-data-table__th--sortable v-data-table__th v-data-table__th--sortable\\" style=\\"width: 10%; min-width: 10%;\\">
                <div class=\\"v-data-table-header__content\\"><span>Physical</span><i class=\\"mdi-arrow-up mdi v-icon notranslate v-theme--dark v-icon--size-default v-data-table-header__sort-icon\\" aria-hidden=\\"true\\"></i>
                  <!---->
                </div>
              </th>
              <th class=\\"v-data-table__td v-data-table-column--align-start v-data-table__th v-data-table__th--sortable v-data-table__th v-data-table__th--sortable\\" style=\\"width: 10%; min-width: 10%;\\">
                <div class=\\"v-data-table-header__content\\"><span>Poison</span><i class=\\"mdi-arrow-up mdi v-icon notranslate v-theme--dark v-icon--size-default v-data-table-header__sort-icon\\" aria-hidden=\\"true\\"></i>
                  <!---->
                </div>
              </th>
              <th class=\\"v-data-table__td v-data-table-column--align-start v-data-table__th v-data-table__th--sortable v-data-table__th v-data-table__th--sortable\\" style=\\"width: 10%; min-width: 10%;\\">
                <div class=\\"v-data-table-header__content\\"><span>Life</span><i class=\\"mdi-arrow-up mdi v-icon notranslate v-theme--dark v-icon--size-default v-data-table-header__sort-icon\\" aria-hidden=\\"true\\"></i>
                  <!---->
                </div>
              </th>
            </tr>
            <!---->
          </thead>
          <!---->
          <tbody>
            <tr class=\\"v-data-table__tr\\">
              <td class=\\"v-data-table__td v-data-table-column--align-start\\" style=\\"width: 15%;\\">Doom Knight
                <!--v-if-->
              </td>
              <td class=\\"v-data-table__td v-data-table-column--align-start\\" style=\\"width: 10%;\\"><span class=\\"v-chip v-theme--dark text-cold darken-4 v-chip--density-default v-chip--size-small v-chip--variant-tonal\\" draggable=\\"false\\"><!----><span class=\\"v-chip__underlay\\"></span>
                <!---->
                <!---->
                <div class=\\"v-chip__content\\">20</div>
                <!---->
                <!----></span>
              </td>
              <td class=\\"v-data-table__td v-data-table-column--align-start\\" style=\\"width: 10%;\\"><span class=\\"v-chip v-theme--dark text-fire v-chip--density-default v-chip--size-small v-chip--variant-tonal\\" draggable=\\"false\\"><!----><span class=\\"v-chip__underlay\\"></span>
                <!---->
                <!---->
                <div class=\\"v-chip__content\\"><strong>110</strong></div>
                <!---->
                <!----></span>
              </td>
              <td class=\\"v-data-table__td v-data-table-column--align-start\\" style=\\"width: 10%;\\"><span class=\\"v-chip v-theme--dark text-lightning darken-5 v-chip--density-default v-chip--size-small v-chip--variant-tonal\\" draggable=\\"false\\"><!----><span class=\\"v-chip__underlay\\"></span>
                <!---->
                <!---->
                <div class=\\"v-chip__content\\">20</div>
                <!---->
                <!----></span>
              </td>
              <td class=\\"v-data-table__td v-data-table-column--align-start\\" style=\\"width: 10%;\\"><span class=\\"v-chip v-theme--dark v-chip--density-default v-chip--size-small v-chip--variant-plain\\" draggable=\\"false\\"><!----><span class=\\"v-chip__underlay\\"></span>
                <!---->
                <!---->
                <div class=\\"v-chip__content\\">0</div>
                <!---->
                <!----></span>
              </td>
              <td class=\\"v-data-table__td v-data-table-column--align-start\\" style=\\"width: 10%;\\"><span class=\\"v-chip v-theme--dark text-physical darken-4 v-chip--density-default v-chip--size-small v-chip--variant-tonal\\" draggable=\\"false\\"><!----><span class=\\"v-chip__underlay\\"></span>
                <!---->
                <!---->
                <div class=\\"v-chip__content\\">33</div>
                <!---->
                <!----></span>
              </td>
              <td class=\\"v-data-table__td v-data-table-column--align-start\\" style=\\"width: 10%;\\"><span class=\\"v-chip v-theme--dark text-poison darken-4 v-chip--density-default v-chip--size-small v-chip--variant-tonal\\" draggable=\\"false\\"><!----><span class=\\"v-chip__underlay\\"></span>
                <!---->
                <!---->
                <div class=\\"v-chip__content\\">50</div>
                <!---->
                <!----></span>
              </td>
              <td class=\\"v-data-table__td v-data-table-column--align-start\\" style=\\"width: 10%;\\"><span title=\\"5564–6955\\">6.3K</span></td>
            </tr>
            <!---->
            <tr class=\\"v-data-table__tr\\">
              <td class=\\"v-data-table__td v-data-table-column--align-start\\" style=\\"width: 15%;\\">Oblivion Knight
                <!--v-if-->
              </td>
              <td class=\\"v-data-table__td v-data-table-column--align-start\\" style=\\"width: 10%;\\"><span class=\\"v-chip v-theme--dark text-cold v-chip--density-default v-chip--size-small v-chip--variant-tonal\\" draggable=\\"false\\"><!----><span class=\\"v-chip__underlay\\"></span>
                <!---->
                <!---->
                <div class=\\"v-chip__content\\"><strong>180</strong></div>
                <!---->
                <!----></span>
              </td>
              <td class=\\"v-data-table__td v-data-table-column--align-start\\" style=\\"width: 10%;\\"><span class=\\"v-chip v-theme--dark text-fire darken-4 v-chip--density-default v-chip--size-small v-chip--variant-tonal\\" draggable=\\"false\\"><!----><span class=\\"v-chip__underlay\\"></span>
                <!---->
                <!---->
                <div class=\\"v-chip__content\\">60</div>
                <!---->
                <!----></span>
              </td>
              <td class=\\"v-data-table__td v-data-table-column--align-start\\" style=\\"width: 10%;\\"><span class=\\"v-chip v-theme--dark text-lightning darken-4 v-chip--density-default v-chip--size-small v-chip--variant-tonal\\" draggable=\\"false\\"><!----><span class=\\"v-chip__underlay\\"></span>
                <!---->
                <!---->
                <div class=\\"v-chip__content\\">60</div>
                <!---->
                <!----></span>
              </td>
              <td class=\\"v-data-table__td v-data-table-column--align-start\\" style=\\"width: 10%;\\"><span class=\\"v-chip v-theme--dark text-magic darken-4 v-chip--density-default v-chip--size-small v-chip--variant-tonal\\" draggable=\\"false\\"><!----><span class=\\"v-chip__underlay\\"></span>
                <!---->
                <!---->
                <div class=\\"v-chip__content\\">25</div>
                <!---->
                <!----></span>
              </td>
              <td class=\\"v-data-table__td v-data-table-column--align-start\\" style=\\"width: 10%;\\"><span class=\\"v-chip v-theme--dark text-physical darken-4 v-chip--density-default v-chip--size-small v-chip--variant-tonal\\" draggable=\\"false\\"><!----><span class=\\"v-chip__underlay\\"></span>
                <!---->
                <!---->
                <div class=\\"v-chip__content\\">33</div>
                <!---->
                <!----></span>
              </td>
              <td class=\\"v-data-table__td v-data-table-column--align-start\\" style=\\"width: 10%;\\"><span class=\\"v-chip v-theme--dark text-poison darken-3 v-chip--density-default v-chip--size-small v-chip--variant-tonal\\" draggable=\\"false\\"><!----><span class=\\"v-chip__underlay\\"></span>
                <!---->
                <!---->
                <div class=\\"v-chip__content\\">75</div>
                <!---->
                <!----></span>
              </td>
              <td class=\\"v-data-table__td v-data-table-column--align-start\\" style=\\"width: 10%;\\"><span title=\\"5564–6955\\">6.3K</span></td>
            </tr>
            <!---->
            <tr class=\\"v-data-table__tr\\">
              <td class=\\"v-data-table__td v-data-table-column--align-start\\" style=\\"width: 15%;\\">Storm Caster
                <!--v-if-->
              </td>
              <td class=\\"v-data-table__td v-data-table-column--align-start\\" style=\\"width: 10%;\\"><span class=\\"v-chip v-theme--dark v-chip--density-default v-chip--size-small v-chip--variant-plain\\" draggable=\\"false\\"><!----><span class=\\"v-chip__underlay\\"></span>
                <!---->
                <!---->
                <div class=\\"v-chip__content\\">0</div>
                <!---->
                <!----></span>
              </td>
              <td class=\\"v-data-table__td v-data-table-column--align-start\\" style=\\"width: 10%;\\"><span class=\\"v-chip v-theme--dark v-chip--density-default v-chip--size-small v-chip--variant-plain\\" draggable=\\"false\\"><!----><span class=\\"v-chip__underlay\\"></span>
                <!---->
                <!---->
                <div class=\\"v-chip__content\\">0</div>
                <!---->
                <!----></span>
              </td>
              <td class=\\"v-data-table__td v-data-table-column--align-start\\" style=\\"width: 10%;\\"><span class=\\"v-chip v-theme--dark text-lightning v-chip--density-default v-chip--size-small v-chip--variant-tonal\\" draggable=\\"false\\"><!----><span class=\\"v-chip__underlay\\"></span>
                <!---->
                <!---->
                <div class=\\"v-chip__content\\"><strong>100</strong></div>
                <!---->
                <!----></span>
              </td>
              <td class=\\"v-data-table__td v-data-table-column--align-start\\" style=\\"width: 10%;\\"><span class=\\"v-chip v-theme--dark v-chip--density-default v-chip--size-small v-chip--variant-plain\\" draggable=\\"false\\"><!----><span class=\\"v-chip__underlay\\"></span>
                <!---->
                <!---->
                <div class=\\"v-chip__content\\">0</div>
                <!---->
                <!----></span>
              </td>
              <td class=\\"v-data-table__td v-data-table-column--align-start\\" style=\\"width: 10%;\\"><span class=\\"v-chip v-theme--dark text-physical darken-4 v-chip--density-default v-chip--size-small v-chip--variant-tonal\\" draggable=\\"false\\"><!----><span class=\\"v-chip__underlay\\"></span>
                <!---->
                <!---->
                <div class=\\"v-chip__content\\">50</div>
                <!---->
                <!----></span>
              </td>
              <td class=\\"v-data-table__td v-data-table-column--align-start\\" style=\\"width: 10%;\\"><span class=\\"v-chip v-theme--dark v-chip--density-default v-chip--size-small v-chip--variant-plain\\" draggable=\\"false\\"><!----><span class=\\"v-chip__underlay\\"></span>
                <!---->
                <!---->
                <div class=\\"v-chip__content\\">0</div>
                <!---->
                <!----></span>
              </td>
              <td class=\\"v-data-table__td v-data-table-column--align-start\\" style=\\"width: 10%;\\"><span title=\\"3709–5100\\">4.4K</span></td>
            </tr>
            <!---->
            <tr class=\\"v-data-table__tr\\">
              <td class=\\"v-data-table__td v-data-table-column--align-start\\" style=\\"width: 15%;\\">Venom Lord
                <!--v-if-->
              </td>
              <td class=\\"v-data-table__td v-data-table-column--align-start\\" style=\\"width: 10%;\\"><span class=\\"v-chip v-theme--dark text-cold darken-4 v-chip--density-default v-chip--size-small v-chip--variant-tonal\\" draggable=\\"false\\"><!----><span class=\\"v-chip__underlay\\"></span>
                <!---->
                <!---->
                <div class=\\"v-chip__content\\">50</div>
                <!---->
                <!----></span>
              </td>
              <td class=\\"v-data-table__td v-data-table-column--align-start\\" style=\\"width: 10%;\\"><span class=\\"v-chip v-theme--dark text-fire v-chip--density-default v-chip--size-small v-chip--variant-tonal\\" draggable=\\"false\\"><!----><span class=\\"v-chip__underlay\\"></span>
                <!---->
                <!---->
                <div class=\\"v-chip__content\\"><strong>130</strong></div>
                <!---->
                <!----></span>
              </td>
              <td class=\\"v-data-table__td v-data-table-column--align-start\\" style=\\"width: 10%;\\"><span class=\\"v-chip v-theme--dark text-lightning darken-3 v-chip--density-default v-chip--size-small v-chip--variant-tonal\\" draggable=\\"false\\"><!----><span class=\\"v-chip__underlay\\"></span>
                <!---->
                <!---->
                <div class=\\"v-chip__content\\">75</div>
                <!---->
                <!----></span>
              </td>
              <td class=\\"v-data-table__td v-data-table-column--align-start\\" style=\\"width: 10%;\\"><span class=\\"v-chip v-theme--dark v-chip--density-default v-chip--size-small v-chip--variant-plain\\" draggable=\\"false\\"><!----><span class=\\"v-chip__underlay\\"></span>
                <!---->
                <!---->
                <div class=\\"v-chip__content\\">0</div>
                <!---->
                <!----></span>
              </td>
              <td class=\\"v-data-table__td v-data-table-column--align-start\\" style=\\"width: 10%;\\"><span class=\\"v-chip v-theme--dark text-physical darken-4 v-chip--density-default v-chip--size-small v-chip--variant-tonal\\" draggable=\\"false\\"><!----><span class=\\"v-chip__underlay\\"></span>
                <!---->
                <!---->
                <div class=\\"v-chip__content\\">50</div>
                <!---->
                <!----></span>
              </td>
              <td class=\\"v-data-table__td v-data-table-column--align-start\\" style=\\"width: 10%;\\"><span class=\\"v-chip v-theme--dark text-poison darken-3 v-chip--density-default v-chip--size-small v-chip--variant-tonal\\" draggable=\\"false\\"><!----><span class=\\"v-chip__underlay\\"></span>
                <!---->
                <!---->
                <div class=\\"v-chip__content\\">75</div>
                <!---->
                <!----></span>
              </td>
              <td class=\\"v-data-table__td v-data-table-column--align-start\\" style=\\"width: 10%;\\"><span title=\\"9737–11592\\">10.7K</span></td>
            </tr>
            <!---->
            <tr class=\\"v-data-table__tr\\">
              <td class=\\"v-data-table__td v-data-table-column--align-start\\" style=\\"width: 15%;\\">Grand Vizier of Chaos
                <!--v-if-->
              </td>
              <td class=\\"v-data-table__td v-data-table-column--align-start\\" style=\\"width: 10%;\\"><span class=\\"v-chip v-theme--dark v-chip--density-default v-chip--size-small v-chip--variant-plain\\" draggable=\\"false\\"><!----><span class=\\"v-chip__underlay\\"></span>
                <!---->
                <!---->
                <div class=\\"v-chip__content\\">0</div>
                <!---->
                <!----></span>
              </td>
              <td class=\\"v-data-table__td v-data-table-column--align-start\\" style=\\"width: 10%;\\"><span class=\\"v-chip v-theme--dark text-fire darken-3 v-chip--density-default v-chip--size-small v-chip--variant-tonal\\" draggable=\\"false\\"><!----><span class=\\"v-chip__underlay\\"></span>
                <!---->
                <!---->
                <div class=\\"v-chip__content\\">75</div>
                <!---->
                <!----></span>
              </td>
              <td class=\\"v-data-table__td v-data-table-column--align-start\\" style=\\"width: 10%;\\"><span class=\\"v-chip v-theme--dark text-lightning v-chip--density-default v-chip--size-small v-chip--variant-tonal\\" draggable=\\"false\\"><!----><span class=\\"v-chip__underlay\\"></span>
                <!---->
                <!---->
                <div class=\\"v-chip__content\\"><strong>100</strong></div>
                <!---->
                <!----></span>
              </td>
              <td class=\\"v-data-table__td v-data-table-column--align-start\\" style=\\"width: 10%;\\"><span class=\\"v-chip v-theme--dark v-chip--density-default v-chip--size-small v-chip--variant-plain\\" draggable=\\"false\\"><!----><span class=\\"v-chip__underlay\\"></span>
                <!---->
                <!---->
                <div class=\\"v-chip__content\\">0</div>
                <!---->
                <!----></span>
              </td>
              <td class=\\"v-data-table__td v-data-table-column--align-start\\" style=\\"width: 10%;\\"><span class=\\"v-chip v-theme--dark text-physical darken-4 v-chip--density-default v-chip--size-small v-chip--variant-tonal\\" draggable=\\"false\\"><!----><span class=\\"v-chip__underlay\\"></span>
                <!---->
                <!---->
                <div class=\\"v-chip__content\\">50</div>
                <!---->
                <!----></span>
              </td>
              <td class=\\"v-data-table__td v-data-table-column--align-start\\" style=\\"width: 10%;\\"><span class=\\"v-chip v-theme--dark v-chip--density-default v-chip--size-small v-chip--variant-plain\\" draggable=\\"false\\"><!----><span class=\\"v-chip__underlay\\"></span>
                <!---->
                <!---->
                <div class=\\"v-chip__content\\">0</div>
                <!---->
                <!----></span>
              </td>
              <td class=\\"v-data-table__td v-data-table-column--align-start\\" style=\\"width: 10%;\\"><span title=\\"7418–10200\\">8.8K</span></td>
            </tr>
            <!---->
            <tr class=\\"v-data-table__tr\\">
              <td class=\\"v-data-table__td v-data-table-column--align-start\\" style=\\"width: 15%;\\">Storm Caster <span class=\\"text-caption\\">(Grand Vizier minions)</span></td>
              <td class=\\"v-data-table__td v-data-table-column--align-start\\" style=\\"width: 10%;\\"><span class=\\"v-chip v-theme--dark v-chip--density-default v-chip--size-small v-chip--variant-plain\\" draggable=\\"false\\"><!----><span class=\\"v-chip__underlay\\"></span>
                <!---->
                <!---->
                <div class=\\"v-chip__content\\">0</div>
                <!---->
                <!----></span>
              </td>
              <td class=\\"v-data-table__td v-data-table-column--align-start\\" style=\\"width: 10%;\\"><span class=\\"v-chip v-theme--dark v-chip--density-default v-chip--size-small v-chip--variant-plain\\" draggable=\\"false\\"><!----><span class=\\"v-chip__underlay\\"></span>
                <!---->
                <!---->
                <div class=\\"v-chip__content\\">0</div>
                <!---->
                <!----></span>
              </td>
              <td class=\\"v-data-table__td v-data-table-column--align-start\\" style=\\"width: 10%;\\"><span class=\\"v-chip v-theme--dark text-lightning v-chip--density-default v-chip--size-small v-chip--variant-tonal\\" draggable=\\"false\\"><!----><span class=\\"v-chip__underlay\\"></span>
                <!---->
                <!---->
                <div class=\\"v-chip__content\\"><strong>100</strong></div>
                <!---->
                <!----></span>
              </td>
              <td class=\\"v-data-table__td v-data-table-column--align-start\\" style=\\"width: 10%;\\"><span class=\\"v-chip v-theme--dark v-chip--density-default v-chip--size-small v-chip--variant-plain\\" draggable=\\"false\\"><!----><span class=\\"v-chip__underlay\\"></span>
                <!---->
                <!---->
                <div class=\\"v-chip__content\\">0</div>
                <!---->
                <!----></span>
              </td>
              <td class=\\"v-data-table__td v-data-table-column--align-start\\" style=\\"width: 10%;\\"><span class=\\"v-chip v-theme--dark text-physical darken-4 v-chip--density-default v-chip--size-small v-chip--variant-tonal\\" draggable=\\"false\\"><!----><span class=\\"v-chip__underlay\\"></span>
                <!---->
                <!---->
                <div class=\\"v-chip__content\\">50</div>
                <!---->
                <!----></span>
              </td>
              <td class=\\"v-data-table__td v-data-table-column--align-start\\" style=\\"width: 10%;\\"><span class=\\"v-chip v-theme--dark v-chip--density-default v-chip--size-small v-chip--variant-plain\\" draggable=\\"false\\"><!----><span class=\\"v-chip__underlay\\"></span>
                <!---->
                <!---->
                <div class=\\"v-chip__content\\">0</div>
                <!---->
                <!----></span>
              </td>
              <td class=\\"v-data-table__td v-data-table-column--align-start\\" style=\\"width: 10%;\\"><span title=\\"5874–8076\\">7K</span></td>
            </tr>
            <!---->
            <tr class=\\"v-data-table__tr\\">
              <td class=\\"v-data-table__td v-data-table-column--align-start\\" style=\\"width: 15%;\\">Infector of Souls
                <!--v-if-->
              </td>
              <td class=\\"v-data-table__td v-data-table-column--align-start\\" style=\\"width: 10%;\\"><span class=\\"v-chip v-theme--dark text-cold darken-4 v-chip--density-default v-chip--size-small v-chip--variant-tonal\\" draggable=\\"false\\"><!----><span class=\\"v-chip__underlay\\"></span>
                <!---->
                <!---->
                <div class=\\"v-chip__content\\">70</div>
                <!---->
                <!----></span>
              </td>
              <td class=\\"v-data-table__td v-data-table-column--align-start\\" style=\\"width: 10%;\\"><span class=\\"v-chip v-theme--dark text-fire v-chip--density-default v-chip--size-small v-chip--variant-tonal\\" draggable=\\"false\\"><!----><span class=\\"v-chip__underlay\\"></span>
                <!---->
                <!---->
                <div class=\\"v-chip__content\\"><strong>130</strong></div>
                <!---->
                <!----></span>
              </td>
              <td class=\\"v-data-table__td v-data-table-column--align-start\\" style=\\"width: 10%;\\"><span class=\\"v-chip v-theme--dark text-lightning darken-3 v-chip--density-default v-chip--size-small v-chip--variant-tonal\\" draggable=\\"false\\"><!----><span class=\\"v-chip__underlay\\"></span>
                <!---->
                <!---->
                <div class=\\"v-chip__content\\">75</div>
                <!---->
                <!----></span>
              </td>
              <td class=\\"v-data-table__td v-data-table-column--align-start\\" style=\\"width: 10%;\\"><span class=\\"v-chip v-theme--dark v-chip--density-default v-chip--size-small v-chip--variant-plain\\" draggable=\\"false\\"><!----><span class=\\"v-chip__underlay\\"></span>
                <!---->
                <!---->
                <div class=\\"v-chip__content\\">0</div>
                <!---->
                <!----></span>
              </td>
              <td class=\\"v-data-table__td v-data-table-column--align-start\\" style=\\"width: 10%;\\"><span class=\\"v-chip v-theme--dark text-physical darken-4 v-chip--density-default v-chip--size-small v-chip--variant-tonal\\" draggable=\\"false\\"><!----><span class=\\"v-chip__underlay\\"></span>
                <!---->
                <!---->
                <div class=\\"v-chip__content\\">50</div>
                <!---->
                <!----></span>
              </td>
              <td class=\\"v-data-table__td v-data-table-column--align-start\\" style=\\"width: 10%;\\"><span class=\\"v-chip v-theme--dark text-poison darken-3 v-chip--density-default v-chip--size-small v-chip--variant-tonal\\" draggable=\\"false\\"><!----><span class=\\"v-chip__underlay\\"></span>
                <!---->
                <!---->
                <div class=\\"v-chip__content\\">75</div>
                <!---->
                <!----></span>
              </td>
              <td class=\\"v-data-table__td v-data-table-column--align-start\\" style=\\"width: 10%;\\"><span title=\\"19474–23184\\">21.3K</span></td>
            </tr>
            <!---->
            <tr class=\\"v-data-table__tr\\">
              <td class=\\"v-data-table__td v-data-table-column--align-start\\" style=\\"width: 15%;\\">Venom Lord <span class=\\"text-caption\\">(Infector minions)</span></td>
              <td class=\\"v-data-table__td v-data-table-column--align-start\\" style=\\"width: 10%;\\"><span class=\\"v-chip v-theme--dark text-cold darken-4 v-chip--density-default v-chip--size-small v-chip--variant-tonal\\" draggable=\\"false\\"><!----><span class=\\"v-chip__underlay\\"></span>
                <!---->
                <!---->
                <div class=\\"v-chip__content\\">50</div>
                <!---->
                <!----></span>
              </td>
              <td class=\\"v-data-table__td v-data-table-column--align-start\\" style=\\"width: 10%;\\"><span class=\\"v-chip v-theme--dark text-fire v-chip--density-default v-chip--size-small v-chip--variant-tonal\\" draggable=\\"false\\"><!----><span class=\\"v-chip__underlay\\"></span>
                <!---->
                <!---->
                <div class=\\"v-chip__content\\"><strong>130</strong></div>
                <!---->
                <!----></span>
              </td>
              <td class=\\"v-data-table__td v-data-table-column--align-start\\" style=\\"width: 10%;\\"><span class=\\"v-chip v-theme--dark text-lightning darken-3 v-chip--density-default v-chip--size-small v-chip--variant-tonal\\" draggable=\\"false\\"><!----><span class=\\"v-chip__underlay\\"></span>
                <!---->
                <!---->
                <div class=\\"v-chip__content\\">75</div>
                <!---->
                <!----></span>
              </td>
              <td class=\\"v-data-table__td v-data-table-column--align-start\\" style=\\"width: 10%;\\"><span class=\\"v-chip v-theme--dark v-chip--density-default v-chip--size-small v-chip--variant-plain\\" draggable=\\"false\\"><!----><span class=\\"v-chip__underlay\\"></span>
                <!---->
                <!---->
                <div class=\\"v-chip__content\\">0</div>
                <!---->
                <!----></span>
              </td>
              <td class=\\"v-data-table__td v-data-table-column--align-start\\" style=\\"width: 10%;\\"><span class=\\"v-chip v-theme--dark text-physical darken-4 v-chip--density-default v-chip--size-small v-chip--variant-tonal\\" draggable=\\"false\\"><!----><span class=\\"v-chip__underlay\\"></span>
                <!---->
                <!---->
                <div class=\\"v-chip__content\\">50</div>
                <!---->
                <!----></span>
              </td>
              <td class=\\"v-data-table__td v-data-table-column--align-start\\" style=\\"width: 10%;\\"><span class=\\"v-chip v-theme--dark text-poison darken-3 v-chip--density-default v-chip--size-small v-chip--variant-tonal\\" draggable=\\"false\\"><!----><span class=\\"v-chip__underlay\\"></span>
                <!---->
                <!---->
                <div class=\\"v-chip__content\\">75</div>
                <!---->
                <!----></span>
              </td>
              <td class=\\"v-data-table__td v-data-table-column--align-start\\" style=\\"width: 10%;\\"><span title=\\"15418.5–18355.5\\">16.9K</span></td>
            </tr>
            <!---->
            <tr class=\\"v-data-table__tr\\">
              <td class=\\"v-data-table__td v-data-table-column--align-start\\" style=\\"width: 15%;\\">Lord De Seis
                <!--v-if-->
              </td>
              <td class=\\"v-data-table__td v-data-table-column--align-start\\" style=\\"width: 10%;\\"><span class=\\"v-chip v-theme--dark text-cold v-chip--density-default v-chip--size-small v-chip--variant-tonal\\" draggable=\\"false\\"><!----><span class=\\"v-chip__underlay\\"></span>
                <!---->
                <!---->
                <div class=\\"v-chip__content\\"><strong>180</strong></div>
                <!---->
                <!----></span>
              </td>
              <td class=\\"v-data-table__td v-data-table-column--align-start\\" style=\\"width: 10%;\\"><span class=\\"v-chip v-theme--dark text-fire darken-4 v-chip--density-default v-chip--size-small v-chip--variant-tonal\\" draggable=\\"false\\"><!----><span class=\\"v-chip__underlay\\"></span>
                <!---->
                <!---->
                <div class=\\"v-chip__content\\">60</div>
                <!---->
                <!----></span>
              </td>
              <td class=\\"v-data-table__td v-data-table-column--align-start\\" style=\\"width: 10%;\\"><span class=\\"v-chip v-theme--dark text-lightning darken-4 v-chip--density-default v-chip--size-small v-chip--variant-tonal\\" draggable=\\"false\\"><!----><span class=\\"v-chip__underlay\\"></span>
                <!---->
                <!---->
                <div class=\\"v-chip__content\\">60</div>
                <!---->
                <!----></span>
              </td>
              <td class=\\"v-data-table__td v-data-table-column--align-start\\" style=\\"width: 10%;\\"><span class=\\"v-chip v-theme--dark text-magic darken-4 v-chip--density-default v-chip--size-small v-chip--variant-tonal\\" draggable=\\"false\\"><!----><span class=\\"v-chip__underlay\\"></span>
                <!---->
                <!---->
                <div class=\\"v-chip__content\\">25</div>
                <!---->
                <!----></span>
              </td>
              <td class=\\"v-data-table__td v-data-table-column--align-start\\" style=\\"width: 10%;\\"><span class=\\"v-chip v-theme--dark text-physical darken-4 v-chip--density-default v-chip--size-small v-chip--variant-tonal\\" draggable=\\"false\\"><!----><span class=\\"v-chip__underlay\\"></span>
                <!---->
                <!---->
                <div class=\\"v-chip__content\\">33</div>
                <!---->
                <!----></span>
              </td>
              <td class=\\"v-data-table__td v-data-table-column--align-start\\" style=\\"width: 10%;\\"><span class=\\"v-chip v-theme--dark text-poison darken-3 v-chip--density-default v-chip--size-small v-chip--variant-tonal\\" draggable=\\"false\\"><!----><span class=\\"v-chip__underlay\\"></span>
                <!---->
                <!---->
                <div class=\\"v-chip__content\\">75</div>
                <!---->
                <!----></span>
              </td>
              <td class=\\"v-data-table__td v-data-table-column--align-start\\" style=\\"width: 10%;\\"><span title=\\"11128–13910\\">12.5K</span></td>
            </tr>
            <!---->
            <tr class=\\"v-data-table__tr\\">
              <td class=\\"v-data-table__td v-data-table-column--align-start\\" style=\\"width: 15%;\\">Doom Knight <span class=\\"text-caption\\">(Lord De Seis minions)</span></td>
              <td class=\\"v-data-table__td v-data-table-column--align-start\\" style=\\"width: 10%;\\"><span class=\\"v-chip v-theme--dark text-cold darken-4 v-chip--density-default v-chip--size-small v-chip--variant-tonal\\" draggable=\\"false\\"><!----><span class=\\"v-chip__underlay\\"></span>
                <!---->
                <!---->
                <div class=\\"v-chip__content\\">20</div>
                <!---->
                <!----></span>
              </td>
              <td class=\\"v-data-table__td v-data-table-column--align-start\\" style=\\"width: 10%;\\"><span class=\\"v-chip v-theme--dark text-fire v-chip--density-default v-chip--size-small v-chip--variant-tonal\\" draggable=\\"false\\"><!----><span class=\\"v-chip__underlay\\"></span>
                <!---->
                <!---->
                <div class=\\"v-chip__content\\"><strong>110</strong></div>
                <!---->
                <!----></span>
              </td>
              <td class=\\"v-data-table__td v-data-table-column--align-start\\" style=\\"width: 10%;\\"><span class=\\"v-chip v-theme--dark text-lightning darken-5 v-chip--density-default v-chip--size-small v-chip--variant-tonal\\" draggable=\\"false\\"><!----><span class=\\"v-chip__underlay\\"></span>
                <!---->
                <!---->
                <div class=\\"v-chip__content\\">20</div>
                <!---->
                <!----></span>
              </td>
              <td class=\\"v-data-table__td v-data-table-column--align-start\\" style=\\"width: 10%;\\"><span class=\\"v-chip v-theme--dark v-chip--density-default v-chip--size-small v-chip--variant-plain\\" draggable=\\"false\\"><!----><span class=\\"v-chip__underlay\\"></span>
                <!---->
                <!---->
                <div class=\\"v-chip__content\\">0</div>
                <!---->
                <!----></span>
              </td>
              <td class=\\"v-data-table__td v-data-table-column--align-start\\" style=\\"width: 10%;\\"><span class=\\"v-chip v-theme--dark text-physical darken-4 v-chip--density-default v-chip--size-small v-chip--variant-tonal\\" draggable=\\"false\\"><!----><span class=\\"v-chip__underlay\\"></span>
                <!---->
                <!---->
                <div class=\\"v-chip__content\\">33</div>
                <!---->
                <!----></span>
              </td>
              <td class=\\"v-data-table__td v-data-table-column--align-start\\" style=\\"width: 10%;\\"><span class=\\"v-chip v-theme--dark text-poison darken-4 v-chip--density-default v-chip--size-small v-chip--variant-tonal\\" draggable=\\"false\\"><!----><span class=\\"v-chip__underlay\\"></span>
                <!---->
                <!---->
                <div class=\\"v-chip__content\\">50</div>
                <!---->
                <!----></span>
              </td>
              <td class=\\"v-data-table__td v-data-table-column--align-start\\" style=\\"width: 10%;\\"><span title=\\"8811–11013\\">9.9K</span></td>
            </tr>
            <!---->
            <tr class=\\"v-data-table__tr\\">
              <td class=\\"v-data-table__td v-data-table-column--align-start\\" style=\\"width: 15%;\\">Diablo
                <!--v-if-->
              </td>
              <td class=\\"v-data-table__td v-data-table-column--align-start\\" style=\\"width: 10%;\\"><span class=\\"v-chip v-theme--dark text-cold darken-4 v-chip--density-default v-chip--size-small v-chip--variant-tonal\\" draggable=\\"false\\"><!----><span class=\\"v-chip__underlay\\"></span>
                <!---->
                <!---->
                <div class=\\"v-chip__content\\">50</div>
                <!---->
                <!----></span>
              </td>
              <td class=\\"v-data-table__td v-data-table-column--align-start\\" style=\\"width: 10%;\\"><span class=\\"v-chip v-theme--dark text-fire darken-4 v-chip--density-default v-chip--size-small v-chip--variant-tonal\\" draggable=\\"false\\"><!----><span class=\\"v-chip__underlay\\"></span>
                <!---->
                <!---->
                <div class=\\"v-chip__content\\">50</div>
                <!---->
                <!----></span>
              </td>
              <td class=\\"v-data-table__td v-data-table-column--align-start\\" style=\\"width: 10%;\\"><span class=\\"v-chip v-theme--dark text-lightning darken-4 v-chip--density-default v-chip--size-small v-chip--variant-tonal\\" draggable=\\"false\\"><!----><span class=\\"v-chip__underlay\\"></span>
                <!---->
                <!---->
                <div class=\\"v-chip__content\\">50</div>
                <!---->
                <!----></span>
              </td>
              <td class=\\"v-data-table__td v-data-table-column--align-start\\" style=\\"width: 10%;\\"><span class=\\"v-chip v-theme--dark v-chip--density-default v-chip--size-small v-chip--variant-plain\\" draggable=\\"false\\"><!----><span class=\\"v-chip__underlay\\"></span>
                <!---->
                <!---->
                <div class=\\"v-chip__content\\">0</div>
                <!---->
                <!----></span>
              </td>
              <td class=\\"v-data-table__td v-data-table-column--align-start\\" style=\\"width: 10%;\\"><span class=\\"v-chip v-theme--dark text-physical darken-4 v-chip--density-default v-chip--size-small v-chip--variant-tonal\\" draggable=\\"false\\"><!----><span class=\\"v-chip__underlay\\"></span>
                <!---->
                <!---->
                <div class=\\"v-chip__content\\">45</div>
                <!---->
                <!----></span>
              </td>
              <td class=\\"v-data-table__td v-data-table-column--align-start\\" style=\\"width: 10%;\\"><span class=\\"v-chip v-theme--dark text-poison darken-4 v-chip--density-default v-chip--size-small v-chip--variant-tonal\\" draggable=\\"false\\"><!----><span class=\\"v-chip__underlay\\"></span>
                <!---->
                <!---->
                <div class=\\"v-chip__content\\">50</div>
                <!---->
                <!----></span>
              </td>
              <td class=\\"v-data-table__td v-data-table-column--align-start\\" style=\\"width: 10%;\\"><span title=\\"85363–85363\\">85.4K</span></td>
            </tr>
            <!---->
          </tbody>
          <!---->
          <!---->
        </table>
      </div>
    </div>
  </div>
</div>"
`;
